kalman step 1
Eular
1,1,0,0,0
Kalman
0,0,0,0
p
0,0,0,0
0,0,0,0
0,0,0,0
0,0,0,0
--------------------------------------------------
kalman step 2
last_time1
last_x:1
time2
x:2
dt:1
dx:1

Eular
2,2,1,0,0
Kalman
0,0,0,0
p
0,0,0,0
0,0,0,0
0,0,0,0
0,0,0,0
--------------------------------------------------
kalman step 3doing this->X_kp1[0]|f00:1|x[0]:3|xkp10:4
doing y...xkp1:4|dx:1|y:-1
doingX[0]k:0.994126|y:-1|xkp1:4||x0:3.00587

Eular
3,3,1,0,0
Kalman
3.00587,-0.103257,-0.706789,-0.057757
p
0.994126,1.10326,0.706789,0.057757
1.10326,28.8549,39.0747,24.818
0.706789,39.0747,80.6164,95.0499
0.057757,24.818,95.0499,200.432
--------------------------------------------------
kalman step 4xbefore:3.00587
xafter:3.00587
doing this->X_kp1[0]|f00:1|x[0]:3.00587|xkp10:2.5396
doing y...xkp1:2.5396|dx:1|y:1.4604
doingX[0]k:0.991901|y:1.4604|xkp1:2.5396||x0:3.98817

Eular
4,4,1,0,0
Kalman
3.98817,1.58863,1.70039,1.29225
p
0.991901,1.66225,1.68784,0.924404
1.66225,26.4296,65.8801,63.689
1.68784,65.8801,186.061,202.833
0.924404,63.689,202.833,294.921
--------------------------------------------------
kalman step 5xbefore:3.98817
xafter:3.98817
doing this->X_kp1[0]|f00:1|x[0]:3.98817|xkp10:6.64237
doing y...xkp1:6.64237|dx:1|y:-1.64237
doingX[0]k:0.995241|y:-1.64237|xkp1:6.64237||x0:5.00782

Eular
5,5,1,0,0
Kalman
5.00782,0.993272,-0.260556,-0.454625
p
0.995241,1.79123,1.98078,1.06363
1.79123,20.2473,46.7327,46.9456
1.98078,46.7327,128.805,155.016
1.06363,46.9456,155.016,257.183
--------------------------------------------------
kalman step 6xbefore:5.00782
xafter:5.00782
doing this->X_kp1[0]|f00:1|x[0]:5.00782|xkp10:5.79504
doing y...xkp1:5.79504|dx:1|y:0.204962
doingX[0]k:0.99361|y:0.204962|xkp1:5.79504||x0:5.99869

Eular
6,6,1,0,0
Kalman
5.99869,0.870984,-0.303959,-0.223195
p
0.99361,1.78366,2.00634,1.12914
1.78366,20.8684,48.5313,48.6888
2.00634,48.5313,132.698,157.651
1.12914,48.6888,157.651,257.649
--------------------------------------------------
kalman step 7xbefore:5.99869
xafter:5.99869
doing this->X_kp1[0]|f00:1|x[0]:5.99869|xkp10:6.6805
doing y...xkp1:6.6805|dx:1|y:0.319504
doingX[0]k:0.993787|y:0.319504|xkp1:6.6805||x0:6.99802

Eular
7,7,1,0,0
Kalman
6.99802,1.02465,0.110845,0.133939
p
0.993787,1.78158,1.99684,1.11778
1.78158,20.4869,47.5953,47.9588
1.99684,47.5953,130.503,156.031
1.11778,47.9588,156.031,256.54
--------------------------------------------------
kalman step 8xbefore:6.99802
xafter:6.99802
doing this->X_kp1[0]|f00:1|x[0]:6.99802|xkp10:8.10041
doing y...xkp1:8.10041|dx:1|y:-0.10041
doingX[0]k:0.993692|y:-0.10041|xkp1:8.10041||x0:8.00063

Eular
8,8,1,0,0
Kalman
8.00063,1.02347,0.0437743,0.0210834
p
0.993692,1.78266,2.00188,1.12394
1.78266,20.5082,47.6222,47.9557
2.00188,47.6222,130.447,155.872
1.12394,47.9557,155.872,256.274
--------------------------------------------------
kalman step 9xbefore:8.00063
xafter:8.00063
doing this->X_kp1[0]|f00:1|x[0]:8.00063|xkp10:9.0495
doing y...xkp1:9.0495|dx:1|y:-0.0495012
doingX[0]k:0.993693|y:-0.0495012|xkp1:9.0495||x0:9.00031

Eular
9,9,1,0,0
Kalman
9.00031,0.989559,-0.0341878,-0.0345124
p
0.993693,1.78226,2.00087,1.12312
1.78226,20.4953,47.5993,47.9461
2.00087,47.5993,130.414,155.869
1.12312,47.9461,155.869,256.289
--------------------------------------------------
kalman step 10xbefore:9.00031
xafter:9.00031
doing this->X_kp1[0]|f00:1|x[0]:9.00031|xkp10:9.96702
doing y...xkp1:9.96702|dx:1|y:0.0329751
doingX[0]k:0.993691|y:0.0329751|xkp1:9.96702||x0:9.99979

Eular
10,10,1,0,0
Kalman
9.99979,0.996888,-0.00271128,0.00253214
p
0.993691,1.78236,2.00118,1.12341
1.78236,20.4943,47.5942,47.9398
2.00118,47.5942,130.394,155.845
1.12341,47.9398,155.845,256.264
--------------------------------------------------
kalman step 11xbefore:9.99979
xafter:9.99979
doing this->X_kp1[0]|f00:1|x[0]:9.99979|xkp10:10.9957
doing y...xkp1:10.9957|dx:1|y:0.00425343
doingX[0]k:0.99369|y:0.00425343|xkp1:10.9957||x0:11

Eular
11,11,1,0,0
Kalman
11,1.00302,0.00833255,0.00731042
p
0.99369,1.78234,2.00114,1.1234
1.78234,20.4942,47.5945,47.9405
2.00114,47.5945,130.396,155.848
1.1234,47.9405,155.848,256.266
--------------------------------------------------
kalman step 12xbefore:11
xafter:11
doing this->X_kp1[0]|f00:1|x[0]:11|xkp10:12.0084
doing y...xkp1:12.0084|dx:1|y:-0.00838193
doingX[0]k:0.99369|y:-0.00838193|xkp1:12.0084||x0:12.0001

Eular
12,12,1,0,0
Kalman
12.0001,1.00007,-0.00113048,-0.00210584
p
0.99369,1.78234,2.00114,1.1234
1.78234,20.494,47.5939,47.94
2.00114,47.5939,130.394,155.846
1.1234,47.94,155.846,256.265
--------------------------------------------------
kalman step 13xbefore:12.0001
xafter:12.0001
doing this->X_kp1[0]|f00:1|x[0]:12.0001|xkp10:12.9992
doing y...xkp1:12.9992|dx:1|y:0.000790965
doingX[0]k:0.99369|y:0.000790965|xkp1:12.9992||x0:13

Eular
13,13,1,0,0
Kalman
13,0.999299,-0.00165349,-0.00121727
p
0.99369,1.78234,2.00114,1.1234
1.78234,20.494,47.594,47.94
2.00114,47.594,130.394,155.846
1.1234,47.94,155.846,256.265
--------------------------------------------------
kalman step 14xbefore:13
xafter:13
doing this->X_kp1[0]|f00:1|x[0]:13|xkp10:13.9983
doing y...xkp1:13.9983|dx:1|y:0.00173589
doingX[0]k:0.99369|y:0.00173589|xkp1:13.9983||x0:14

Eular
14,14,1,0,0
Kalman
14,1.00013,0.000602999,0.000732827
p
0.99369,1.78234,2.00114,1.1234
1.78234,20.494,47.594,47.94
2.00114,47.594,130.394,155.846
1.1234,47.94,155.846,256.265
--------------------------------------------------
kalman step 15xbefore:14
xafter:14
doing this->X_kp1[0]|f00:1|x[0]:14|xkp10:15.0005
doing y...xkp1:15.0005|dx:1|y:-0.000543234
doingX[0]k:0.99369|y:-0.000543234|xkp1:15.0005||x0:15

Eular
15,15,1,0,0
Kalman
15,1.00013,0.000248736,0.000122556
p
0.99369,1.78234,2.00114,1.1234
1.78234,20.494,47.594,47.94
2.00114,47.594,130.394,155.846
1.1234,47.94,155.846,256.265
--------------------------------------------------
kalman step 16xbefore:15
xafter:15
doing this->X_kp1[0]|f00:1|x[0]:15|xkp10:16.0003
doing y...xkp1:16.0003|dx:1|y:-0.000279954
doingX[0]k:0.99369|y:-0.000279954|xkp1:16.0003||x0:16

Eular
16,16,1,0,0
Kalman
16,0.999943,-0.000188937,-0.000191945
p
0.99369,1.78234,2.00114,1.1234
1.78234,20.494,47.594,47.94
2.00114,47.594,130.394,155.846
1.1234,47.94,155.846,256.265
--------------------------------------------------
kalman step 17xbefore:16
xafter:16
doing this->X_kp1[0]|f00:1|x[0]:16|xkp10:16.9998
doing y...xkp1:16.9998|dx:1|y:0.000181921
doingX[0]k:0.99369|y:0.000181921|xkp1:16.9998||x0:17

Eular
17,17,1,0,0
Kalman
17,0.999982,-1.68308e-05,1.2426e-05
p
0.99369,1.78234,2.00114,1.1234
1.78234,20.494,47.594,47.94
2.00114,47.594,130.394,155.846
1.1234,47.94,155.846,256.265
--------------------------------------------------
kalman step 18xbefore:17
xafter:17
doing this->X_kp1[0]|f00:1|x[0]:17|xkp10:18
doing y...xkp1:18|dx:1|y:2.53838e-05
doingX[0]k:0.99369|y:2.53838e-05|xkp1:18||x0:18

Eular
18,18,1,0,0
Kalman
18,1.00002,4.63918e-05,4.09422e-05
p
0.99369,1.78234,2.00114,1.1234
1.78234,20.494,47.594,47.94
2.00114,47.594,130.394,155.846
1.1234,47.94,155.846,256.265
--------------------------------------------------
kalman step 19xbefore:18
xafter:18
doing this->X_kp1[0]|f00:1|x[0]:18|xkp10:19
doing y...xkp1:19|dx:1|y:-4.65928e-05
doingX[0]k:0.99369|y:-4.65928e-05|xkp1:19||x0:19

Eular
19,19,1,0,0
Kalman
19,1,-5.90498e-06,-1.14003e-05
p
0.99369,1.78234,2.00114,1.1234
1.78234,20.494,47.594,47.94
2.00114,47.594,130.394,155.846
1.1234,47.94,155.846,256.265
--------------------------------------------------
kalman step 20xbefore:19
xafter:19
doing this->X_kp1[0]|f00:1|x[0]:19|xkp10:20
doing y...xkp1:20|dx:1|y:4.0067e-06
doingX[0]k:0.99369|y:4.0067e-06|xkp1:20||x0:20

Eular
20,20,1,0,0
Kalman
20,0.999996,-9.28727e-06,-6.89914e-06
p
0.99369,1.78234,2.00114,1.1234
1.78234,20.494,47.594,47.94
2.00114,47.594,130.394,155.846
1.1234,47.94,155.846,256.265
--------------------------------------------------
done